[www.brysonstavern.com/index.html]
[backblue.gif]
[fade.gif]
[index.html]
[www.brysonstavern.com/uploads/1/3/5/1/135181344/brysons-tavern-logo-white-1_orig.png]
[www.brysonstavern.com/uploads/1/3/5/1/135181344/pexels-john-matthew-3537900_orig.jpg]
[www.brysonstavern.com/uploads/1/3/5/1/135181344/published/brysons-tavern-logo-white2db1.png]
[www.brysonstavern.com/uploads/1/3/5/1/135181344/editor/pexels-tembela-bohle-10899304b1e.jpg]
[www.brysonstavern.com/uploads/1/3/5/1/135181344/published/brysons-tavern-logo-white891d.png]
[www.brysonstavern.com/uploads/1/3/5/1/135181344/pexels-erik-mclean-4061482-orig_orig.jpg]
[www.brysonstavern.com/uploads/1/3/5/1/135181344/pexels-denniz-futalan-2306898-orig_orig.jpg]
[www.brysonstavern.com/uploads/1/3/5/1/135181344/pexels-tima-miroshnichenko-6253978_orig.jpg]
[www.brysonstavern.com/uploads/1/3/5/1/135181344/published/air-hockey-167863-640d0b9.jpg]
[www.brysonstavern.com/uploads/1/3/5/1/135181344/editor/depositphotos-217770192-ds_1fa2f.jpg]
[www.brysonstavern.com/files/theme/MutationObserver.js]
[cdn2.editmysite.com/css/sitesa5c8.css]
[cdn2.editmysite.com/css/old/fancybox81dc.css]
[cdn2.editmysite.com/css/social-icons4315.css]
[www.brysonstavern.com/files/main_style8f93.css]
[cdn2.editmysite.com/fonts/Karla/fontc81e.css]
[cdn2.editmysite.com/fonts/Roboto_Mono/fontc81e.css]
[cdn2.editmysite.com/fonts/Oswald/fontc81e.css]
[cdn2.editmysite.com/fonts/Arvo/fontc81e.css]
[cdn2.editmysite.com/fonts/Alfa_Slab_One/fontc81e.css]
[cdn2.editmysite.com/fonts/Cardo/fontc81e.css]
[www.brysonstavern.com/files/templateArtifacts8f93.js]
[cdn2.editmysite.com/js/jquery-1.8.3.min.js]
[www.google.com/recaptcha/api.js]
[www.brysonstavern.com/uploads/1/3/5/1/135181344/brysons-tavern-logo-black.png]
[cdn2.editmysite.com/js/lang/en/stlaf0d.js]
[www.brysonstavern.com/specials.html]
[www.brysonstavern.com/events.html]
[www.brysonstavern.com/about.html]
[cdn2.editmysite.com/js/lang/en/stl5e36.js]
[www.brysonstavern.com/photos.html]
[www.brysonstavern.com/contact.html]
[www.brysonstavern.com/uploads/1/3/5/1/135181344/brysonsmap-orig_orig.jpg]
[www.brysonstavern.com/files/theme/jquery.pxuMenucda0.js]
[www.brysonstavern.com/files/theme/jquery.trendcda0.js]
[www.brysonstavern.com/files/theme/jquery.revealercda0.js]
[www.brysonstavern.com/files/theme/pluginscda0.js]
[www.brysonstavern.com/index.html]
[www.brysonstavern.com/files/theme/custom-1cda0.js]
[cdn2.editmysite.com/images/util/videojs/white-bar.png]
[cdn2.editmysite.com/images/util/videojs/@2x/white-bar.png]
[cdn2.editmysite.com/images/util/videojs/gradient.png]
[cdn2.editmysite.com/images/util/videojs/@2x/gradient.png]
[cdn2.editmysite.com/js/wsnbn/snowday262.js]
[cdn2.editmysite.com/sprites/util/videojs-sacae758aa2.png]
[cdn2.editmysite.com/sprites/util/videojs/@2x-s2aff7e7d9a.png]
[cdn2.editmysite.com/images/util/videojs/volume-filled.png]
[cdn2.editmysite.com/images/util/videojs/@2x/volume-filled.png]
[cdn2.editmysite.com/images/util/videojs/volume-mute.png]
[cdn2.editmysite.com/images/util/videojs/@2x/volume-mute.png]
[cdn2.editmysite.com/images/util/videojs/blue-bar.png]
[cdn2.editmysite.com/images/util/videojs/@2x/blue-bar.png]
[cdn2.editmysite.com/images/util/videojs/maximize-icon.png]
[cdn2.editmysite.com/images/util/videojs/@2x/maximize-icon.png]
[cdn2.editmysite.com/images/util/videojs/minimize-icon.png]
[cdn2.editmysite.com/images/util/videojs/@2x/minimize-icon.png]
[cdn2.editmysite.com/images/util/videojs/play-icon.png]
[cdn2.editmysite.com/images/util/videojs/@2x/play-icon.png]
[cdn2.editmysite.com/js/site/maina5c8.js]
[cdn2.editmysite.com/images/util/videojs/sad-face.png]
[cdn2.editmysite.com/images/util/videojs/@2x/sad-face.png]
[cdn2.editmysite.com/images/util/videojs/loading-icon.png]
[cdn2.editmysite.com/images/util/videojs/@2x/loading-icon.png]
[cdn2.editmysite.com/images/common/buttons/small_grey.png]
[cdn2.editmysite.com/images/common/buttons/small_blue.png]
[cdn2.editmysite.com/images/old/button/large_grey.png]
[cdn2.editmysite.com/images/common/buttons/large_blue.png]
[cdn2.editmysite.com/images/common/search-light.png]
[cdn2.editmysite.com/images/common/social_icons.png]
[cdn2.editmysite.com/images/common/blog/blog-comment-button.png]
[cdn2.editmysite.com/images/common/blog/blog-comment-header.png]
[cdn2.editmysite.com/images/common/blog/blog-comment-pointer.png]
[cdn2.editmysite.com/images/common/blog/blog-comment-link.png]
[cdn2.editmysite.com/images/common/blog/blog-comment-header-author.png]
[cdn2.editmysite.com/images/common/blog/blog-comment-pointer-author.png]
[cdn2.editmysite.com/images/common/blog/blog-comment-field-bg.png]
[cdn2.editmysite.com/images/common/blog/dark-blog-comment-header.png]
[cdn2.editmysite.com/images/common/blog/dark-blog-comment-pointer.png]
[cdn2.editmysite.com/images/common/blog/dark-blog-comment-header-author.png]
[cdn2.editmysite.com/images/common/blog/dark-blog-comment-pointer-author.png]
[cdn2.editmysite.com/images/common/blog/dark-blog-comment-link.png]
[cdn2.editmysite.com/js/site/main-customer-accounts-sitea5c8.js]
[cdn2.editmysite.com/images/util/general/blank.gif]
[cdn2.editmysite.com/images/common/lightbox/prevlabel.gif]
[cdn2.editmysite.com/images/common/lightbox/nextlabel.gif]
[cdn2.editmysite.com/sprites/util/inputs/checkmarkBox-s7868418152.png]
[cdn2.editmysite.com/sprites/util/inputs/checkmarkBox/@2x-s211a47d318.png]
[cdn2.editmysite.com/images/util/inputs/search-input-bg.jpg]
[cdn2.editmysite.com/images/common/magnifying-glass.png]
[cdn2.editmysite.com/images/common/checkmarks/checkmark-mini.png]
[cdn2.editmysite.com/images/common/checkmarks/@2x/checkmark-mini.png]
[cdn2.editmysite.com/images/common/search-pagination-bg.png]
[cdn2.editmysite.com/images/util/general/top-triangle-000.png]
[cdn2.editmysite.com/images/util/general/bottom-triangle-000.png]
[cdn2.editmysite.com/images/util/general/top-triangle-000@2x.png]
[cdn2.editmysite.com/images/util/general/bottom-triangle-000@2x.png]
[cdn2.editmysite.com/sprites/common/social-icons-s5ea5500bdb.png]
[cdn2.editmysite.com/sprites/common/social-icons/@2x-s0ae7d70c70.png]
[cdn2.editmysite.com/sprites/site/mini-cart-s86c48effae.png]
[cdn2.editmysite.com/sprites/site/mini-cart/@2x-s576cbc3f90.png]
[cdn2.editmysite.com/images/loading.gif]
[cdn2.editmysite.com/sprites/site/mobile/commerce-sdf6d4e852c.png]
[cdn2.editmysite.com/sprites/site/mobile/commerce/@2x-s82f968c453.png]
[cdn2.editmysite.com/images/site/checkout/paypal.png]
[cdn2.editmysite.com/images/site/checkout/@2x/paypal.png]
[cdn2.editmysite.com/images/site/checkout/credit-cards.png]
[cdn2.editmysite.com/images/site/checkout/@2x/credit-cards.png]
[cdn2.editmysite.com/images/site/checkout/print.png]
[cdn2.editmysite.com/images/site/checkout/print@2x.png]
[cdn2.editmysite.com/images/vendor/select2/select2.png]
[cdn2.editmysite.com/images/vendor/select2/select2-spinner.gif]
[cdn2.editmysite.com/images/vendor/select2/select2x2.png]
[cdn2.editmysite.com/images/util/spinner/spinner-dark.png]
[cdn2.editmysite.com/images/util/spinner/spinner-light.png]
[cdn2.editmysite.com/images/util/loading-white-w24.gif]
[cdn2.editmysite.com/images/common/form_input_bg.gif]
[cdn2.editmysite.com/sprites/site/forms-s3786257308.png]
[cdn2.editmysite.com/sprites/site/forms/@2x-s47607b315a.png]
[cdn2.editmysite.com/images/blank.gif]
[cdn2.editmysite.com/images/old/photoswipe/loader.gif]
[cdn2.editmysite.com/images/old/photoswipe/error.gif]
[cdn2.editmysite.com/images/old/photoswipe/icons.png]
[cdn2.editmysite.com/images/old/photoswipe/icons@2x.png]
[cdn2.editmysite.com/css/sitesa5c8.css]
[cdn2.editmysite.com/images/old/fancybox/fancybox_sprite.png]
[cdn2.editmysite.com/images/old/fancybox/fancybox_loading.gif]
[cdn2.editmysite.com/images/old/fancybox/blank.gif]
[cdn2.editmysite.com/images/old/fancybox/fancybox_overlay.png]
[cdn2.editmysite.com/css/old/fancybox81dc.css]
[cdn2.editmysite.com/css/social-icons4315.css]
[www.brysonstavern.com/files/theme/images/default-bg8f93.jpg]
[www.brysonstavern.com/files/theme/images/arrow-dark8f93.svg]
[www.brysonstavern.com/files/main_style8f93.css]
[cdn2.editmysite.com/fonts/Karla/regular.eot]
[cdn2.editmysite.com/fonts/Karla/regulard41d.eot]
[cdn2.editmysite.com/fonts/Karla/regular.woff2]
[cdn2.editmysite.com/fonts/Karla/regular.woff]
[cdn2.editmysite.com/fonts/Karla/regular.ttf]
[cdn2.editmysite.com/fonts/Karla/bold.woff2]
[cdn2.editmysite.com/fonts/Karla/bold.eot]
[cdn2.editmysite.com/fonts/Karla/bold.woff]
[cdn2.editmysite.com/fonts/Karla/boldd41d.eot]
[cdn2.editmysite.com/fonts/Karla/bold.ttf]
[cdn2.editmysite.com/fonts/Karla/italic.eot]
[cdn2.editmysite.com/fonts/Karla/italic.woff2]
[cdn2.editmysite.com/fonts/Karla/italic.woff]
[cdn2.editmysite.com/fonts/Karla/italicd41d.eot]
[cdn2.editmysite.com/fonts/Karla/italic.ttf]
[cdn2.editmysite.com/fonts/Karla/bolditalic.eot]
[cdn2.editmysite.com/fonts/Karla/bolditalic.woff2]
[cdn2.editmysite.com/fonts/Karla/bolditalic.woff]
[cdn2.editmysite.com/fonts/Karla/fontc81e.css]
[cdn2.editmysite.com/fonts/Karla/bolditalicd41d.eot]
[cdn2.editmysite.com/fonts/Roboto_Mono/regular.woff2]
[cdn2.editmysite.com/fonts/Karla/bolditalic.ttf]
[cdn2.editmysite.com/fonts/Roboto_Mono/regular.eot]
[cdn2.editmysite.com/fonts/Roboto_Mono/regular.woff]
[cdn2.editmysite.com/fonts/Roboto_Mono/regulard41d.eot]
[cdn2.editmysite.com/fonts/Roboto_Mono/bold.woff2]
[cdn2.editmysite.com/fonts/Roboto_Mono/regular.ttf]
[cdn2.editmysite.com/fonts/Roboto_Mono/bold.woff]
[cdn2.editmysite.com/fonts/Roboto_Mono/bold.eot]
[cdn2.editmysite.com/fonts/Roboto_Mono/boldd41d.eot]
[cdn2.editmysite.com/fonts/Roboto_Mono/italic.woff2]
[cdn2.editmysite.com/fonts/Roboto_Mono/bold.ttf]
[cdn2.editmysite.com/fonts/Roboto_Mono/italic.woff]
[cdn2.editmysite.com/fonts/Roboto_Mono/italic.eot]
[cdn2.editmysite.com/fonts/Roboto_Mono/italicd41d.eot]
[cdn2.editmysite.com/fonts/Roboto_Mono/bolditalic.woff2]
[cdn2.editmysite.com/fonts/Roboto_Mono/italic.ttf]
[cdn2.editmysite.com/fonts/Roboto_Mono/bolditalic.woff]
[cdn2.editmysite.com/fonts/Roboto_Mono/bolditalic.eot]
[cdn2.editmysite.com/fonts/Roboto_Mono/fontc81e.css]
[cdn2.editmysite.com/fonts/Roboto_Mono/bolditalicd41d.eot]
[cdn2.editmysite.com/fonts/Oswald/light.woff2]
[cdn2.editmysite.com/fonts/Oswald/light.eot]
[cdn2.editmysite.com/fonts/Roboto_Mono/bolditalic.ttf]
[cdn2.editmysite.com/fonts/Oswald/light.woff]
[cdn2.editmysite.com/fonts/Oswald/lightd41d.eot]
[cdn2.editmysite.com/fonts/Oswald/regular.woff2]
[cdn2.editmysite.com/fonts/Oswald/light.ttf]
[cdn2.editmysite.com/fonts/Oswald/regular.eot]
[cdn2.editmysite.com/fonts/Oswald/regular.woff]
[cdn2.editmysite.com/fonts/Oswald/regulard41d.eot]
[cdn2.editmysite.com/fonts/Oswald/bold.woff2]
[cdn2.editmysite.com/fonts/Oswald/regular.ttf]
[cdn2.editmysite.com/fonts/Oswald/bold.eot]
[cdn2.editmysite.com/fonts/Oswald/bold.woff]
[cdn2.editmysite.com/fonts/Oswald/fontc81e.css]
[cdn2.editmysite.com/fonts/Oswald/boldd41d.eot]
[cdn2.editmysite.com/fonts/Arvo/regular.woff2]
[cdn2.editmysite.com/fonts/Oswald/bold.ttf]
[cdn2.editmysite.com/fonts/Arvo/regular.woff]
[cdn2.editmysite.com/fonts/Arvo/regular.eot]
[cdn2.editmysite.com/fonts/Arvo/regulard41d.eot]
[cdn2.editmysite.com/fonts/Arvo/italic.woff2]
[cdn2.editmysite.com/fonts/Arvo/regular.ttf]
[cdn2.editmysite.com/fonts/Arvo/italic.eot]
[cdn2.editmysite.com/fonts/Arvo/italic.woff]
[cdn2.editmysite.com/fonts/Arvo/italicd41d.eot]
[cdn2.editmysite.com/fonts/Arvo/bold.woff2]
[cdn2.editmysite.com/fonts/Arvo/italic.ttf]
[cdn2.editmysite.com/fonts/Arvo/bold.eot]
[cdn2.editmysite.com/fonts/Arvo/bold.woff]
[cdn2.editmysite.com/fonts/Arvo/boldd41d.eot]
[cdn2.editmysite.com/fonts/Arvo/bolditalic.woff2]
[cdn2.editmysite.com/fonts/Arvo/bolditalic.eot]
[cdn2.editmysite.com/fonts/Arvo/bold.ttf]
[cdn2.editmysite.com/fonts/Arvo/bolditalic.woff]
[cdn2.editmysite.com/fonts/Arvo/fontc81e.css]
[cdn2.editmysite.com/fonts/Arvo/bolditalicd41d.eot]
[cdn2.editmysite.com/fonts/Alfa_Slab_One/regular.woff2]
[cdn2.editmysite.com/fonts/Arvo/bolditalic.ttf]
[cdn2.editmysite.com/fonts/Alfa_Slab_One/regular.woff]
[cdn2.editmysite.com/fonts/Alfa_Slab_One/regular.eot]
[cdn2.editmysite.com/fonts/Alfa_Slab_One/fontc81e.css]
[cdn2.editmysite.com/fonts/Alfa_Slab_One/regulard41d.eot]
[cdn2.editmysite.com/fonts/Cardo/regular.woff2]
[cdn2.editmysite.com/fonts/Cardo/regular.woff]
[cdn2.editmysite.com/fonts/Cardo/regular.eot]
[cdn2.editmysite.com/fonts/Alfa_Slab_One/regular.ttf]
[cdn2.editmysite.com/fonts/Cardo/italic.woff2]
[cdn2.editmysite.com/fonts/Cardo/regulard41d.eot]
[cdn2.editmysite.com/fonts/Cardo/italic.woff]
[cdn2.editmysite.com/fonts/Cardo/regular.ttf]
[cdn2.editmysite.com/fonts/Cardo/italic.eot]
[cdn2.editmysite.com/fonts/Cardo/bold.woff2]
[cdn2.editmysite.com/fonts/Cardo/italicd41d.eot]
[cdn2.editmysite.com/fonts/Cardo/bold.eot]
[cdn2.editmysite.com/fonts/Cardo/italic.ttf]
[cdn2.editmysite.com/fonts/Cardo/bold.woff]
[cdn2.editmysite.com/fonts/Cardo/fontc81e.css]
[www.brysonstavern.com/files/templateArtifacts8f93.js]
[www.brysonstavern.com/uploads/1/3/5/1/135181344/published/pexels-tembela-bohle-1089930_3.jpg]
[cdn2.editmysite.com/fonts/Cardo/boldd41d.eot]
[www.brysonstavern.com/specials.html]
[cdn2.editmysite.com/fonts/Cardo/bold.ttf]
[www.brysonstavern.com/uploads/1/3/5/1/135181344/published/brysons-tavern-logo-white_3.png]
[www.brysonstavern.com/uploads/1/3/5/1/135181344/pexels-erik-mclean-4061482-orig_1.jpg]
[www.brysonstavern.com/uploads/1/3/5/1/135181344/pexels-denniz-futalan-2306898-orig_1.jpg]
[www.brysonstavern.com/uploads/1/3/5/1/135181344/pexels-tima-miroshnichenko-6253978_2.jpg]
[www.brysonstavern.com/uploads/1/3/5/1/135181344/published/air-hockey-167863-640_2.jpg]
[www.brysonstavern.com/events.html]
[www.brysonstavern.com/uploads/1/3/5/1/135181344/editor/depositphotos-217770192-ds_2904d.jpg]
[www.brysonstavern.com/uploads/1/3/5/1/135181344/published/brysons-tavern-logo-black733e.png]
[www.brysonstavern.com/uploads/1/3/5/1/135181344/depositphotos-137557144-xl-2015_orig.jpg]
[www.brysonstavern.com/uploads/1/3/5/1/135181344/depositphotos-137559710-xl-2015_orig.jpg]
[www.brysonstavern.com/about.html]
[www.brysonstavern.com/uploads/1/3/5/1/135181344/1.jpg]
[www.brysonstavern.com/uploads/1/3/5/1/135181344/2.jpg]
[www.brysonstavern.com/uploads/1/3/5/1/135181344/3.jpg]
[www.brysonstavern.com/uploads/1/3/5/1/135181344/4.jpg]
[www.brysonstavern.com/uploads/1/3/5/1/135181344/5.jpg]
[www.brysonstavern.com/uploads/1/3/5/1/135181344/6.jpg]
[www.brysonstavern.com/uploads/1/3/5/1/135181344/7.jpg]
[www.brysonstavern.com/uploads/1/3/5/1/135181344/8.jpg]
[www.brysonstavern.com/uploads/1/3/5/1/135181344/9.jpg]
[www.brysonstavern.com/uploads/1/3/5/1/135181344/10-1.jpg]
[www.brysonstavern.com/uploads/1/3/5/1/135181344/1_orig.jpg]
[www.brysonstavern.com/uploads/1/3/5/1/135181344/2_orig.jpg]
[www.brysonstavern.com/uploads/1/3/5/1/135181344/3_orig.jpg]
[www.brysonstavern.com/uploads/1/3/5/1/135181344/4_orig.jpg]
[www.brysonstavern.com/uploads/1/3/5/1/135181344/5_orig.jpg]
[www.brysonstavern.com/uploads/1/3/5/1/135181344/6_orig.jpg]
[www.brysonstavern.com/uploads/1/3/5/1/135181344/7_orig.jpg]
[www.brysonstavern.com/uploads/1/3/5/1/135181344/8_orig.jpg]
[www.brysonstavern.com/uploads/1/3/5/1/135181344/9_orig.jpg]
[www.brysonstavern.com/uploads/1/3/5/1/135181344/10-1_orig.jpg]
[www.brysonstavern.com/uploads/1/3/5/1/135181344/11_orig.jpg]
[www.brysonstavern.com/uploads/1/3/5/1/135181344/11.jpg]
[www.brysonstavern.com/uploads/1/3/5/1/135181344/12-1_orig.jpg]
[www.brysonstavern.com/uploads/1/3/5/1/135181344/12-1.jpg]
[www.brysonstavern.com/uploads/1/3/5/1/135181344/13-1_orig.jpg]
[www.brysonstavern.com/uploads/1/3/5/1/135181344/13-1.jpg]
[www.brysonstavern.com/uploads/1/3/5/1/135181344/14-1_orig.jpg]
[www.brysonstavern.com/photos.html]
[www.brysonstavern.com/uploads/1/3/5/1/135181344/14-1.jpg]
[www.brysonstavern.com/contact.html]
[www.brysonstavern.com/_/uploads/1/3/5/1/135181344/background-images/256844050.html]
[www.brysonstavern.com/_/uploads/1/3/5/1/135181344/background-images/472383968.html]
[www.brysonstavern.com/files/theme/images/chevron-down8f93.svg]
[www.brysonstavern.com/files/theme/images/arrow-light8f93.svg]
[www.brysonstavern.com/_/uploads/1/3/5/1/135181344/background-images/1805442582.html]
